<html>
<body>
<pre>
<h1>µVision Build Log</h1>
<h2>Tool Versions:</h2>
IDE-Version: ¦ÌVision V5.36.0.0
Copyright (C) 2021 ARM Ltd and ARM Germany GmbH. All rights reserved.
License Information: LIU 8618150600805, 1, LIC=MPPLD-8HDQN-NNSAF-6LKEY-E5BI9-T4TGN
 
Tool Versions:
Toolchain:       MDK-ARM Plus  Version: 5.36.0.0
Toolchain Path:  D:\KEIL\ARM\ARMCC\Bin
C Compiler:      Armcc.exe V5.06 update 7 (build 960)
Assembler:       Armasm.exe V5.06 update 7 (build 960)
Linker/Locator:  ArmLink.exe V5.06 update 7 (build 960)
Library Manager: ArmAr.exe V5.06 update 7 (build 960)
Hex Converter:   FromElf.exe V5.06 update 7 (build 960)
CPU DLL:         SARMCM3.DLL V5.36.0.0
Dialog DLL:      DCM.DLL V1.17.3.0
Target DLL:      STLink\ST-LINKIII-KEIL_SWO.dll V3.0.9.0
Dialog DLL:      TCM.DLL V1.53.0.0
 
<h2>Project:</h2>
D:\RM CONTROL\Development-A\12IMU_INS\MDK-ARM\IMU_INS.uvprojx
Project File Date:  08/15/2022

<h2>Output:</h2>
*** Using Compiler 'V5.06 update 7 (build 960)', folder: 'D:\KEIL\ARM\ARMCC\Bin'
Build target 'IMU_INS'
compiling imu_temp_control_task.c...
..\applications\imu_temp_control_task.c(211): warning:  #223-D: function "atan2" declared implicitly
  	float roll = (float)atan2(accVals[0],accVals[2]);
..\applications\imu_temp_control_task.c(212): warning:  #223-D: function "atan" declared implicitly
  	float pitch = -(float)atan(accVals[1]/(accVals[0]*sin(roll)+accVals[2]*cos(roll)));
..\applications\imu_temp_control_task.c(212): warning:  #223-D: function "sin" declared implicitly
  	float pitch = -(float)atan(accVals[1]/(accVals[0]*sin(roll)+accVals[2]*cos(roll)));
..\applications\imu_temp_control_task.c(212): warning:  #223-D: function "cos" declared implicitly
  	float pitch = -(float)atan(accVals[1]/(accVals[0]*sin(roll)+accVals[2]*cos(roll)));
..\applications\imu_temp_control_task.c: 4 warnings, 0 errors
linking...
Program Size: Code=15826 RO-data=782 RW-data=80 ZI-data=14088  
FromELF: creating hex file...
"IMU_INS\IMU_INS.axf" - 0 Error(s), 4 Warning(s).

<h2>Software Packages used:</h2>

Package Vendor: ARM
                http://www.keil.com/pack/ARM.CMSIS.5.8.0.pack
                ARM.CMSIS.5.8.0
                CMSIS (Common Microcontroller Software Interface Standard)
   * Component: CORE Version: 5.5.0

Package Vendor: Keil
                http://www.keil.com/pack/Keil.STM32F4xx_DFP.2.13.0.pack
                Keil.STM32F4xx_DFP.2.13.0
                STMicroelectronics STM32F4 Series Device Support, Drivers and Examples

<h2>Collection of Component include folders:</h2>
  .\RTE\_IMU_INS
  D:\KEIL\ARM\CMSIS\5.8.0\CMSIS\Core\Include
  D:\KEIL\Keil\STM32F4xx_DFP\2.13.0\Drivers\CMSIS\Device\ST\STM32F4xx\Include

<h2>Collection of Component Files used:</h2>

   * Component: ARM::CMSIS:CORE:5.5.0
      Include file:  CMSIS\Core\Include\tz_context.h
Build Time Elapsed:  00:00:02
</pre>
</body>
</html>
