<html>
<body>
<pre>
<h1>礦ision Build Log</h1>
<h2>Tool Versions:</h2>
IDE-Version: μVision V5.36.0.0
Copyright (C) 2021 ARM Ltd and ARM Germany GmbH. All rights reserved.
License Information: liu 8618150600805, ., LIC=8VRJ7-ECTP0-CXDU6-DRW59-19VMA-2CGDZ
 
Tool Versions:
Toolchain:       MDK-ARM Plus  Version: 5.36.0.0
Toolchain Path:  D:\diankongzu\keil\ARM\ARMCC\Bin
C Compiler:      Armcc.exe V5.06 update 7 (build 960)
Assembler:       Armasm.exe V5.06 update 7 (build 960)
Linker/Locator:  ArmLink.exe V5.06 update 7 (build 960)
Library Manager: ArmAr.exe V5.06 update 7 (build 960)
Hex Converter:   FromElf.exe V5.06 update 7 (build 960)
CPU DLL:         SARMCM3.DLL V5.36.0.0
Dialog DLL:      DCM.DLL V1.17.3.0
Target DLL:      STLink\ST-LINKIII-KEIL_SWO.dll V3.0.9.0
Dialog DLL:      TCM.DLL V1.53.0.0
 
<h2>Project:</h2>
D:\RM CONTROL\Development-A\8USART\MDK-ARM\8USART.uvprojx
Project File Date:  08/08/2022

<h2>Output:</h2>
*** Using Compiler 'V5.06 update 7 (build 960)', folder: 'D:\diankongzu\keil\ARM\ARMCC\Bin'
Build target '8USART'
compiling main.c...
../Core/Src/main.c(108): warning:  #167-D: argument of type "char *" is incompatible with parameter of type "const uint8_t *"
          HAL_UART_Transmit(&huart7,str,sizeof(str), 1000);
../Core/Src/main.c(110): warning:  #167-D: argument of type "char *" is incompatible with parameter of type "const uint8_t *"
          HAL_UART_Transmit(&huart6,str,sizeof(str), 1000);
../Core/Src/main.c: 2 warnings, 0 errors
linking...
Program Size: Code=5930 RO-data=486 RW-data=16 ZI-data=1768  
FromELF: creating hex file...
"8USART\8USART.axf" - 0 Error(s), 2 Warning(s).

<h2>Software Packages used:</h2>

Package Vendor: ARM
                http://www.keil.com/pack/ARM.CMSIS.5.8.0.pack
                ARM.CMSIS.5.8.0
                CMSIS (Common Microcontroller Software Interface Standard)
   * Component: CORE Version: 5.5.0

Package Vendor: Keil
                http://www.keil.com/pack/Keil.STM32F4xx_DFP.2.13.0.pack
                Keil.STM32F4xx_DFP.2.13.0
                STMicroelectronics STM32F4 Series Device Support, Drivers and Examples

<h2>Collection of Component include folders:</h2>
  .\RTE\_8USART
  D:\电控组\keil\ARM\CMSIS\5.8.0\CMSIS\Core\Include
  D:\电控组\keil\Keil\STM32F4xx_DFP\2.13.0\Drivers\CMSIS\Device\ST\STM32F4xx\Include

<h2>Collection of Component Files used:</h2>

   * Component: ARM::CMSIS:CORE:5.5.0
      Include file:  CMSIS\Core\Include\tz_context.h
Build Time Elapsed:  00:00:03
</pre>
</body>
</html>
